../Drivers/CMSIS/Include/core_cm0.h:730:22:__NVIC_SetPriority	24	static
../Core/Src/scheduler.c:23:13:config_systick	8	static
../Core/Src/scheduler.c:34:13:setup_irq_priorities	8	static
../Core/Src/scheduler.c:39:13:idle_task	16	static,ignoring_inline_asm
../Core/Src/scheduler.c:46:6:SysTick_Handler	16	static
../Core/Src/scheduler.c:62:8:attach_task	16	static
../Core/Src/scheduler.c:73:6:Yield	8	static
../Core/Src/scheduler.c:78:6:scheduler_start	16	static,ignoring_inline_asm
../Core/Src/scheduler.c:105:6:run_scheduler	8	static
../Core/Src/scheduler.c:127:6:SVC_Handler	0	static,ignoring_inline_asm
../Core/Src/scheduler.c:155:6:PendSV_Handler	0	static,ignoring_inline_asm
